\BOOKMARK [0][-]{chapter*.1}{\376\377\000A\000b\000s\000t\000r\000a\000c\000t}{}% 1
\BOOKMARK [0][-]{chapter*.2}{\376\377\000A\000b\000s\000t\000r\000a\000c\000t}{}% 2
\BOOKMARK [0][-]{chapter*.3}{\376\377\000P\000r\000o\000b\000l\000e\000m\000\040\000S\000t\000a\000t\000e\000m\000e\000n\000t}{}% 3
\BOOKMARK [0][-]{chapter*.4}{\376\377\000R\000e\000s\000e\000a\000r\000c\000h\000\040\000O\000b\000j\000e\000c\000t\000i\000v\000e\000s}{}% 4
\BOOKMARK [1][-]{section.5}{\376\377\000M\000a\000i\000n\000\040\000R\000e\000s\000e\000a\000r\000c\000h\000\040\000O\000b\000j\000e\000c\000t\000i\000v\000e}{chapter*.4}% 5
\BOOKMARK [2][-]{subsection.6}{\376\377\000S\000u\000b\000\040\000R\000e\000s\000e\000a\000r\000c\000h\000\040\000O\000b\000j\000e\000c\000t\000i\000v\000e\000s}{section.5}% 6
\BOOKMARK [0][-]{chapter*.7}{\376\377\000R\000e\000s\000e\000a\000r\000c\000h\000\040\000Q\000u\000e\000s\000t\000i\000o\000n\000\050\000s\000\051}{}% 7
\BOOKMARK [1][-]{section.8}{\376\377\000M\000a\000i\000n\000\040\000R\000e\000s\000e\000a\000r\000c\000h\000\040\000Q\000u\000e\000s\000t\000i\000o\000n}{chapter*.7}% 8
\BOOKMARK [2][-]{subsection.9}{\376\377\000S\000u\000b\000\040\000R\000e\000s\000e\000a\000r\000c\000h\000\040\000Q\000u\000e\000s\000t\000i\000o\000n\000s}{section.8}% 9
\BOOKMARK [0][-]{chapter*.10}{\376\377\000S\000i\000g\000n\000i\000f\000i\000c\000a\000n\000c\000e\000/\000r\000a\000t\000i\000o\000n\000a\000l\000e}{}% 10
\BOOKMARK [0][-]{chapter*.11}{\376\377\000S\000c\000o\000p\000e\000/\000D\000e\000l\000i\000m\000i\000t\000a\000t\000i\000o\000n}{}% 11
\BOOKMARK [0][-]{chapter*.12}{\376\377\000D\000e\000l\000i\000m\000i\000t\000a\000t\000i\000o\000n}{}% 12
\BOOKMARK [0][-]{chapter*.13}{\376\377\000B\000r\000i\000e\000f\000\040\000L\000i\000m\000i\000t\000a\000t\000i\000o\000n\000s}{}% 13
\BOOKMARK [0][-]{chapter*.14}{\376\377\000K\000e\000y\000\040\000c\000o\000n\000c\000e\000p\000t\000s\000\040\000/\000\040\000D\000e\000f\000i\000n\000i\000t\000i\000o\000n\000s}{}% 14
\BOOKMARK [0][-]{chapter*.16}{\376\377\000T\000h\000e\000o\000r\000e\000t\000i\000c\000a\000l\000\040\000/\000\040\000C\000o\000n\000c\000e\000p\000t\000u\000a\000l\000\040\000f\000r\000a\000m\000e\000w\000o\000r\000k}{}% 15
\BOOKMARK [0][-]{chapter*.18}{\376\377\000D\000e\000c\000l\000a\000r\000a\000t\000i\000o\000n}{}% 16
\BOOKMARK [0][-]{chapter*.19}{\376\377\000D\000e\000d\000i\000c\000a\000t\000i\000o\000n}{}% 17
\BOOKMARK [0][-]{chapter*.20}{\376\377\000A\000c\000k\000n\000o\000w\000l\000e\000d\000g\000e\000m\000e\000n\000t\000s}{}% 18
\BOOKMARK [0][-]{section*.23}{\376\377\000L\000i\000s\000t\000\040\000o\000f\000\040\000A\000c\000r\000o\000n\000y\000m\000s}{}% 19
\BOOKMARK [0][-]{section*.24}{\376\377\000L\000i\000s\000t\000\040\000o\000f\000\040\000F\000i\000g\000u\000r\000e\000s}{}% 20
\BOOKMARK [0][-]{chapter.26}{\376\377\000I\000n\000t\000r\000o\000d\000u\000c\000t\000i\000o\000n}{}% 21
\BOOKMARK [1][-]{section.27}{\376\377\000S\000e\000c\000t\000i\000o\000n\000\040\000H\000e\000a\000d\000i\000n\000g}{chapter.26}% 22
\BOOKMARK [2][-]{subsection.28}{\376\377\000S\000u\000b\000s\000e\000c\000t\000i\000o\000n\000\040\000H\000e\000a\000d\000i\000n\000g}{section.27}% 23
\BOOKMARK [2][-]{subsection.29}{\376\377\000S\000o\000m\000e\000\040\000m\000a\000t\000h\000s}{section.27}% 24
\BOOKMARK [2][-]{subsection.32}{\376\377\000T\000h\000e\000o\000r\000e\000m\000s\000,\000\040\000p\000r\000o\000o\000f\000s\000,\000\040\000d\000e\000f\000i\000n\000i\000t\000i\000o\000n\000s\000\040\000a\000n\000d\000\040\000e\000x\000a\000m\000p\000l\000e\000s}{section.27}% 25
\BOOKMARK [1][-]{section.36}{\376\377\000F\000i\000g\000u\000r\000e\000s\000\040\000a\000n\000d\000\040\000t\000a\000b\000l\000e\000s}{chapter.26}% 26
\BOOKMARK [2][-]{subsection.39}{\376\377\000P\000r\000o\000g\000r\000a\000m\000\040\000c\000o\000d\000e}{section.36}% 27
\BOOKMARK [1][-]{section.53}{\376\377\000R\000e\000f\000e\000r\000e\000n\000c\000i\000n\000g}{chapter.26}% 28
\BOOKMARK [1][-]{section.59}{\376\377\000L\000i\000s\000t\000\040\000o\000f\000\040\000A\000c\000r\000o\000n\000y\000m\000s}{chapter.26}% 29
\BOOKMARK [0][-]{chapter.60}{\376\377\000L\000i\000t\000e\000r\000a\000t\000u\000r\000e\000\040\000R\000e\000v\000i\000e\000w}{}% 30
\BOOKMARK [1][-]{section.61}{\376\377\000I\000n\000t\000r\000o\000d\000u\000c\000t\000i\000o\000n}{chapter.60}% 31
\BOOKMARK [1][-]{section.62}{\376\377\000G\000e\000n\000e\000r\000a\000t\000i\000v\000e\000\040\000A\000I\000\040\000a\000n\000d\000\040\000P\000r\000o\000d\000u\000c\000t\000i\000v\000i\000t\000y\000:\000\040\000F\000r\000o\000m\000\040\000T\000a\000s\000k\000\040\000P\000e\000r\000f\000o\000r\000m\000a\000n\000c\000e\000\040\000t\000o\000\040\000O\000r\000g\000a\000n\000i\000s\000a\000t\000i\000o\000n\000a\000l\000\040\000O\000u\000t\000c\000o\000m\000e\000s}{chapter.60}% 32
\BOOKMARK [2][-]{subsection.63}{\376\377\000E\000f\000f\000e\000c\000t\000s\000\040\000o\000n\000\040\000p\000r\000o\000d\000u\000c\000t\000i\000v\000i\000t\000y\000\040\000a\000t\000\040\000t\000h\000e\000\040\000t\000a\000s\000k\000\040\000l\000e\000v\000e\000l\000.}{section.62}% 33
\BOOKMARK [2][-]{subsection.64}{\376\377\000E\000f\000f\000e\000c\000t\000s\000\040\000o\000n\000\040\000i\000n\000t\000e\000g\000r\000a\000t\000i\000o\000n\000\040\000a\000n\000d\000\040\000c\000o\000o\000r\000d\000i\000n\000a\000t\000i\000o\000n\000\040\000a\000t\000\040\000t\000h\000e\000\040\000w\000o\000r\000k\000f\000l\000o\000w\000\040\000l\000e\000v\000e\000l\000.}{section.62}% 34
\BOOKMARK [2][-]{subsection.65}{\376\377\000E\000f\000f\000e\000c\000t\000s\000\040\000o\000n\000\040\000t\000h\000e\000\040\000f\000i\000r\000m\000'\000s\000\040\000b\000u\000s\000i\000n\000e\000s\000s\000\040\000f\000i\000n\000a\000n\000c\000e\000\040\000a\000n\000d\000\040\000i\000n\000n\000o\000v\000a\000t\000i\000o\000n\000\040\000a\000t\000\040\000t\000h\000e\000\040\000f\000i\000r\000m\000\040\000l\000e\000v\000e\000l\000.}{section.62}% 35
\BOOKMARK [1][-]{section.66}{\376\377\000M\000e\000a\000s\000u\000r\000i\000n\000g\000\040\000R\000O\000I\000\040\000i\000n\000\040\000A\000I\000\040\000C\000o\000n\000t\000e\000x\000t\000s\000:\000\040\000F\000i\000n\000a\000n\000c\000i\000a\000l\000,\000\040\000O\000p\000e\000r\000a\000t\000i\000o\000n\000a\000l\000,\000\040\000a\000n\000d\000\040\000S\000t\000r\000a\000t\000e\000g\000i\000c\000\040\000D\000i\000m\000e\000n\000s\000i\000o\000n\000s}{chapter.60}% 36
\BOOKMARK [2][-]{subsection.67}{\376\377\000T\000i\000m\000e\000\040\000s\000a\000v\000e\000d\000\040\000t\000r\000a\000n\000s\000l\000a\000t\000e\000s\000\040\000t\000o\000\040\000r\000e\000d\000u\000c\000e\000d\000\040\000l\000a\000b\000o\000u\000r\000\040\000c\000o\000s\000t\000s\000.}{section.66}% 37
\BOOKMARK [2][-]{subsection.68}{\376\377\000I\000n\000c\000r\000e\000a\000s\000e\000d\000\040\000p\000r\000o\000d\000u\000c\000t\000i\000v\000i\000t\000y\000.}{section.66}% 38
\BOOKMARK [2][-]{subsection.69}{\376\377\000D\000e\000f\000e\000c\000t\000s\000\040\000r\000e\000d\000u\000c\000e\000d\000.}{section.66}% 39
\BOOKMARK [2][-]{subsection.70}{\376\377\000R\000e\000d\000u\000c\000t\000i\000o\000n\000\040\000i\000n\000\040\000r\000e\000w\000o\000r\000k\000\040\000c\000o\000s\000t\000s\000.}{section.66}% 40
\BOOKMARK [2][-]{subsection.71}{\376\377\000F\000a\000s\000t\000e\000r\000\040\000t\000i\000m\000e\000\040\000t\000o\000\040\000m\000a\000r\000k\000e\000t\000.}{section.66}% 41
\BOOKMARK [2][-]{subsection.72}{\376\377\000I\000n\000c\000r\000e\000a\000s\000e\000d\000\040\000r\000e\000v\000e\000n\000u\000e\000s\000\040\000v\000i\000a\000\040\000i\000n\000n\000o\000v\000a\000t\000i\000o\000n\000.}{section.66}% 42
\BOOKMARK [2][-]{subsection.73}{\376\377\000T\000h\000e\000\040\000i\000d\000e\000a\000l\000\040\000m\000o\000d\000e\000l\000\040\000f\000o\000r\000\040\000c\000a\000l\000c\000u\000l\000a\000t\000i\000n\000g\000\040\000R\000O\000I\000\040\000o\000n\000\040\000A\000I\000\040\000s\000h\000o\000u\000l\000d\000\040\000i\000n\000c\000l\000u\000d\000e\000:\000\040}{section.66}% 43
\BOOKMARK [1][-]{section.74}{\376\377\000O\000r\000g\000a\000n\000i\000z\000a\000t\000i\000o\000n\000a\000l\000\040\000C\000u\000l\000t\000u\000r\000e\000\040\000a\000s\000\040\000a\000\040\000M\000e\000d\000i\000a\000t\000o\000r\000\040\000o\000f\000\040\000A\000I\000\040\000V\000a\000l\000u\000e\000\040\000R\000e\000a\000l\000i\000s\000a\000t\000i\000o\000n\000.}{chapter.60}% 44
\BOOKMARK [1][-]{section.75}{\376\377\000L\000e\000a\000d\000e\000r\000s\000h\000i\000p\000\040\000a\000n\000d\000\040\000A\000I\000\040\000G\000o\000v\000e\000r\000n\000a\000n\000c\000e\000.}{chapter.60}% 45
\BOOKMARK [2][-]{subsection.76}{\376\377\000E\000x\000e\000c\000u\000t\000i\000v\000e\000\040\000s\000p\000o\000n\000s\000o\000r\000s\000h\000i\000p\000.}{section.75}% 46
\BOOKMARK [2][-]{subsection.77}{\376\377\000R\000e\000s\000o\000u\000r\000c\000e\000\040\000a\000l\000l\000o\000c\000a\000t\000i\000o\000n\000.}{section.75}% 47
\BOOKMARK [2][-]{subsection.78}{\376\377\000M\000e\000t\000r\000i\000c\000s\000\040\000a\000l\000i\000g\000n\000m\000e\000n\000t\000.}{section.75}% 48
\BOOKMARK [2][-]{subsection.79}{\376\377\000P\000o\000l\000i\000c\000y\000\040\000e\000n\000f\000o\000r\000c\000e\000m\000e\000n\000t\000.}{section.75}% 49
\BOOKMARK [2][-]{subsection.80}{\376\377\000E\000t\000h\000i\000c\000a\000l\000\040\000c\000o\000n\000s\000i\000d\000e\000r\000a\000t\000i\000o\000n\000s\000.}{section.75}% 50
\BOOKMARK [1][-]{section.81}{\376\377\000S\000o\000u\000t\000h\000\040\000A\000f\000r\000i\000c\000a\000n\000\040\000C\000o\000n\000t\000e\000x\000t\000\040\000a\000n\000d\000\040\000E\000m\000e\000r\000g\000i\000n\000g\000\040\000M\000a\000r\000k\000e\000t\000\040\000C\000o\000n\000s\000i\000d\000e\000r\000a\000t\000i\000o\000n\000s\000.}{chapter.60}% 51
\BOOKMARK [1][-]{section.82}{\376\377\000S\000y\000n\000t\000h\000e\000s\000i\000s\000\040\000a\000n\000d\000\040\000R\000e\000s\000e\000a\000r\000c\000h\000\040\000G\000a\000p\000.}{chapter.60}% 52
\BOOKMARK [0][-]{chapter.83}{\376\377\000R\000e\000s\000e\000a\000r\000c\000h\000\040\000M\000e\000t\000h\000o\000d\000o\000l\000o\000g\000y}{}% 53
\BOOKMARK [0][-]{chapter.84}{\376\377\000R\000e\000s\000u\000l\000t\000s}{}% 54
\BOOKMARK [0][-]{chapter.85}{\376\377\000D\000i\000s\000c\000u\000s\000s\000i\000o\000n}{}% 55
\BOOKMARK [0][-]{chapter.86}{\376\377\000C\000o\000n\000c\000l\000u\000s\000i\000o\000n}{}% 56
\BOOKMARK [0][-]{section*.87}{\376\377\000R\000e\000f\000e\000r\000e\000n\000c\000e\000s}{}% 57
\BOOKMARK [0][-]{appendix.89}{\376\377\000E\000t\000h\000i\000c\000a\000l\000\040\000C\000l\000e\000a\000r\000a\000n\000c\000e\000\040\000C\000e\000r\000t\000i\000f\000i\000c\000a\000t\000e}{}% 58
\BOOKMARK [0][-]{appendix.90}{\376\377\000A\000p\000p\000e\000n\000d\000i\000x\000\040\000C\000h\000a\000p\000t\000e\000r}{}% 59
\BOOKMARK [1][-]{section.91}{\376\377\000A\000p\000p\000e\000n\000d\000i\000x\000\040\000s\000e\000c\000t\000i\000o\000n}{appendix.90}% 60
\BOOKMARK [0][-]{appendix.92}{\376\377\000A\000n\000o\000t\000h\000e\000r\000\040\000A\000p\000p\000e\000n\000d\000i\000x\000\040\000C\000h\000a\000p\000t\000e\000r}{}% 61
